Standard Commons Logging discovery in action with spring-jcl: please remove commons-logging.jar from classpath in order to avoid potential conflicts

  .   ____          _            __ _ _
 /\\ / ___'_ __ _ _(_)_ __  __ _ \ \ \ \
( ( )\___ | '_ | '_| | '_ \/ _` | \ \ \ \
 \\/  ___)| |_)| | | | | || (_| |  ) ) ) )
  '  |____| .__|_| |_|_| |_\__, | / / / /
 =========|_|==============|___/=/_/_/_/

 :: Spring Boot ::                (v3.3.5)

2026-08-08 13:04:40 [main] INFO  o.e.d.DatnNhom3BackendApplication - Starting DatnNhom3BackendApplication v0.0.1-SNAPSHOT using Java 25 with PID 19260 (D:\DATN_NHOM3\DATN_NHOM3_BACKEND\target\DATN_NHOM3_BACKEND-0.0.1-SNAPSHOT.jar started by n2450 in D:\DATN_NHOM3\DATN_NHOM3_BACKEND)
2026-08-08 13:04:40 [main] DEBUG o.e.d.DatnNhom3BackendApplication - Running with Spring Boot v3.3.5, Spring v6.1.14
2026-08-08 13:04:40 [main] INFO  o.e.d.DatnNhom3BackendApplication - No active profile set, falling back to 1 default profile: "default"
2026-08-08 13:04:41 [main] INFO  o.s.d.r.c.RepositoryConfigurationDelegate - Bootstrapping Spring Data JPA repositories in DEFAULT mode.
2026-08-08 13:04:41 [main] INFO  o.s.d.r.c.RepositoryConfigurationDelegate - Finished Spring Data repository scanning in 112 ms. Found 33 JPA repository interfaces.
2026-08-08 13:04:41 [main] INFO  o.s.b.w.e.tomcat.TomcatWebServer - Tomcat initialized with port 8081 (http)
2026-08-08 13:04:41 [main] INFO  o.a.catalina.core.StandardService - Starting service [Tomcat]
2026-08-08 13:04:41 [main] INFO  o.a.catalina.core.StandardEngine - Starting Servlet engine: [Apache Tomcat/10.1.31]
2026-08-08 13:04:41 [main] INFO  o.a.c.c.C.[Tomcat].[localhost].[/] - Initializing Spring embedded WebApplicationContext
2026-08-08 13:04:41 [main] INFO  o.s.b.w.s.c.ServletWebServerApplicationContext - Root WebApplicationContext: initialization completed in 1297 ms
Standard Commons Logging discovery in action with spring-jcl: please remove commons-logging.jar from classpath in order to avoid potential conflicts
2026-08-08 13:04:42 [main] INFO  o.h.jpa.internal.util.LogHelper - HHH000204: Processing PersistenceUnitInfo [name: default]
2026-08-08 13:04:42 [main] INFO  org.hibernate.Version - HHH000412: Hibernate ORM core version 6.5.3.Final
2026-08-08 13:04:42 [main] INFO  o.h.c.i.RegionFactoryInitiator - HHH000026: Second-level cache disabled
2026-08-08 13:04:42 [main] INFO  o.s.o.j.p.SpringPersistenceUnitInfo - No LoadTimeWeaver setup: ignoring JPA class transformer
2026-08-08 13:04:42 [main] INFO  com.zaxxer.hikari.HikariDataSource - DATN-HikariPool - Starting...
2026-08-08 13:04:48 [main] INFO  com.zaxxer.hikari.pool.HikariPool - DATN-HikariPool - Added connection ConnectionID:1 ClientConnectionId: 48ec15e6-5391-43d5-a0c1-f28f415f85a6
2026-08-08 13:04:48 [main] INFO  com.zaxxer.hikari.HikariDataSource - DATN-HikariPool - Start completed.
2026-08-08 13:04:48 [main] WARN  org.hibernate.orm.deprecation - HHH90000025: SQLServerDialect does not need to be specified explicitly using 'hibernate.dialect' (remove the property setting and it will be selected by default)
2026-08-08 13:04:49 [main] INFO  o.h.e.t.j.p.i.JtaPlatformInitiator - HHH000489: No JTA platform available (set 'hibernate.transaction.jta.platform' to enable JTA platform integration)
2026-08-08 13:04:49 [main] INFO  o.s.o.j.LocalContainerEntityManagerFactoryBean - Initialized JPA EntityManagerFactory for persistence unit 'default'
2026-08-08 13:04:49 [main] INFO  o.s.d.j.r.query.QueryEnhancerFactory - Hibernate is in classpath; If applicable, HQL parser will be used.
2026-08-08 13:04:50 [main] INFO  o.s.s.c.a.a.c.InitializeUserDetailsBeanManagerConfigurer$InitializeUserDetailsManagerConfigurer - Global AuthenticationManager configured with UserDetailsService bean with name customUserDetailsService
2026-08-08 13:04:50 [main] INFO  o.s.b.a.w.s.WelcomePageHandlerMapping - Adding welcome page: class path resource [static/index.html]
2026-08-08 13:04:51 [main] INFO  o.s.b.w.e.tomcat.TomcatWebServer - Tomcat started on port 8081 (http) with context path '/'
2026-08-08 13:04:51 [main] INFO  o.s.m.s.b.SimpleBrokerMessageHandler - Starting...
2026-08-08 13:04:51 [main] INFO  o.s.m.s.b.SimpleBrokerMessageHandler - BrokerAvailabilityEvent[available=true, SimpleBrokerMessageHandler [org.springframework.messaging.simp.broker.DefaultSubscriptionRegistry@42ef0b7c]]
2026-08-08 13:04:51 [main] INFO  o.s.m.s.b.SimpleBrokerMessageHandler - Started.
2026-08-08 13:04:51 [main] INFO  o.e.d.DatnNhom3BackendApplication - Started DatnNhom3BackendApplication in 11.206 seconds (process running for 11.592)
2026-08-08 13:04:51 [main] DEBUG org.hibernate.SQL - 
    select
        vt1_0.id,
        vt1_0.ma_vai_tro,
        vt1_0.mo_ta,
        vt1_0.ngay_cap_nhat,
        vt1_0.ngay_tao,
        vt1_0.ten_vai_tro,
        vt1_0.trang_thai 
    from
        vai_tro vt1_0 
    where
        vt1_0.ma_vai_tro=?
Hibernate: 
    select
        vt1_0.id,
        vt1_0.ma_vai_tro,
        vt1_0.mo_ta,
        vt1_0.ngay_cap_nhat,
        vt1_0.ngay_tao,
        vt1_0.ten_vai_tro,
        vt1_0.trang_thai 
    from
        vai_tro vt1_0 
    where
        vt1_0.ma_vai_tro=?
2026-08-08 13:04:51 [main] TRACE org.hibernate.orm.jdbc.bind - binding parameter (1:VARCHAR) <- [GV]
2026-08-08 13:04:51 [main] DEBUG org.hibernate.SQL - 
    select
        vt1_0.id,
        vt1_0.ma_vai_tro,
        vt1_0.mo_ta,
        vt1_0.ngay_cap_nhat,
        vt1_0.ngay_tao,
        vt1_0.ten_vai_tro,
        vt1_0.trang_thai 
    from
        vai_tro vt1_0 
    where
        vt1_0.ma_vai_tro=?
Hibernate: 
    select
        vt1_0.id,
        vt1_0.ma_vai_tro,
        vt1_0.mo_ta,
        vt1_0.ngay_cap_nhat,
        vt1_0.ngay_tao,
        vt1_0.ten_vai_tro,
        vt1_0.trang_thai 
    from
        vai_tro vt1_0 
    where
        vt1_0.ma_vai_tro=?
2026-08-08 13:04:51 [main] TRACE org.hibernate.orm.jdbc.bind - binding parameter (1:VARCHAR) <- [NV]
2026-08-08 13:04:51 [main] DEBUG org.hibernate.SQL - 
    select
        vt1_0.id,
        vt1_0.ma_vai_tro,
        vt1_0.mo_ta,
        vt1_0.ngay_cap_nhat,
        vt1_0.ngay_tao,
        vt1_0.ten_vai_tro,
        vt1_0.trang_thai 
    from
        vai_tro vt1_0 
    where
        vt1_0.ma_vai_tro=?
Hibernate: 
    select
        vt1_0.id,
        vt1_0.ma_vai_tro,
        vt1_0.mo_ta,
        vt1_0.ngay_cap_nhat,
        vt1_0.ngay_tao,
        vt1_0.ten_vai_tro,
        vt1_0.trang_thai 
    from
        vai_tro vt1_0 
    where
        vt1_0.ma_vai_tro=?
2026-08-08 13:04:51 [main] TRACE org.hibernate.orm.jdbc.bind - binding parameter (1:VARCHAR) <- [HV]
2026-08-08 13:04:51 [main] DEBUG org.hibernate.SQL - 
    select
        vt1_0.id,
        vt1_0.ma_vai_tro,
        vt1_0.mo_ta,
        vt1_0.ngay_cap_nhat,
        vt1_0.ngay_tao,
        vt1_0.ten_vai_tro,
        vt1_0.trang_thai 
    from
        vai_tro vt1_0 
    where
        vt1_0.ma_vai_tro=?
Hibernate: 
    select
        vt1_0.id,
        vt1_0.ma_vai_tro,
        vt1_0.mo_ta,
        vt1_0.ngay_cap_nhat,
        vt1_0.ngay_tao,
        vt1_0.ten_vai_tro,
        vt1_0.trang_thai 
    from
        vai_tro vt1_0 
    where
        vt1_0.ma_vai_tro=?
2026-08-08 13:04:51 [main] TRACE org.hibernate.orm.jdbc.bind - binding parameter (1:VARCHAR) <- [ADMIN]
2026-08-08 13:04:51 [main] DEBUG org.hibernate.SQL - 
    select
        count_big(*) 
    from
        danh_muc dm1_0
Hibernate: 
    select
        count_big(*) 
    from
        danh_muc dm1_0
2026-08-08 13:04:51 [main] DEBUG org.hibernate.SQL - 
    select
        count_big(*) 
    from
        tai_khoan tk1_0
Hibernate: 
    select
        count_big(*) 
    from
        tai_khoan tk1_0
2026-08-08 13:04:51 [main] DEBUG org.hibernate.SQL - 
    select
        tk1_0.id,
        tk1_0.anh,
        tk1_0.cccd,
        tk1_0.email,
        tk1_0.google_id,
        tk1_0.ho_ten,
        tk1_0.khoa_den,
        tk1_0.lan_dang_nhap_cuoi,
        tk1_0.mat_khau,
        tk1_0.ngay_cap_nhat,
        tk1_0.ngay_tao,
        tk1_0.nguoi_tao_id,
        tk1_0.so_dien_thoai,
        tk1_0.so_lan_dang_nhap_sai,
        tk1_0.ten_dang_nhap,
        tk1_0.trang_thai,
        tk1_0.vai_tro_id 
    from
        tai_khoan tk1_0
Hibernate: 
    select
        tk1_0.id,
        tk1_0.anh,
        tk1_0.cccd,
        tk1_0.email,
        tk1_0.google_id,
        tk1_0.ho_ten,
        tk1_0.khoa_den,
        tk1_0.lan_dang_nhap_cuoi,
        tk1_0.mat_khau,
        tk1_0.ngay_cap_nhat,
        tk1_0.ngay_tao,
        tk1_0.nguoi_tao_id,
        tk1_0.so_dien_thoai,
        tk1_0.so_lan_dang_nhap_sai,
        tk1_0.ten_dang_nhap,
        tk1_0.trang_thai,
        tk1_0.vai_tro_id 
    from
        tai_khoan tk1_0
2026-08-08 13:04:51 [main] DEBUG org.hibernate.SQL - 
    select
        vt1_0.id,
        vt1_0.ma_vai_tro,
        vt1_0.mo_ta,
        vt1_0.ngay_cap_nhat,
        vt1_0.ngay_tao,
        vt1_0.ten_vai_tro,
        vt1_0.trang_thai 
    from
        vai_tro vt1_0 
    where
        vt1_0.id=?
Hibernate: 
    select
        vt1_0.id,
        vt1_0.ma_vai_tro,
        vt1_0.mo_ta,
        vt1_0.ngay_cap_nhat,
        vt1_0.ngay_tao,
        vt1_0.ten_vai_tro,
        vt1_0.trang_thai 
    from
        vai_tro vt1_0 
    where
        vt1_0.id=?
2026-08-08 13:04:51 [main] TRACE org.hibernate.orm.jdbc.bind - binding parameter (1:INTEGER) <- [1]
2026-08-08 13:04:51 [main] DEBUG org.hibernate.SQL - 
    select
        vt1_0.id,
        vt1_0.ma_vai_tro,
        vt1_0.mo_ta,
        vt1_0.ngay_cap_nhat,
        vt1_0.ngay_tao,
        vt1_0.ten_vai_tro,
        vt1_0.trang_thai 
    from
        vai_tro vt1_0 
    where
        vt1_0.id=?
Hibernate: 
    select
        vt1_0.id,
        vt1_0.ma_vai_tro,
        vt1_0.mo_ta,
        vt1_0.ngay_cap_nhat,
        vt1_0.ngay_tao,
        vt1_0.ten_vai_tro,
        vt1_0.trang_thai 
    from
        vai_tro vt1_0 
    where
        vt1_0.id=?
2026-08-08 13:04:51 [main] TRACE org.hibernate.orm.jdbc.bind - binding parameter (1:INTEGER) <- [2]
2026-08-08 13:04:51 [main] DEBUG org.hibernate.SQL - 
    select
        vt1_0.id,
        vt1_0.ma_vai_tro,
        vt1_0.mo_ta,
        vt1_0.ngay_cap_nhat,
        vt1_0.ngay_tao,
        vt1_0.ten_vai_tro,
        vt1_0.trang_thai 
    from
        vai_tro vt1_0 
    where
        vt1_0.id=?
Hibernate: 
    select
        vt1_0.id,
        vt1_0.ma_vai_tro,
        vt1_0.mo_ta,
        vt1_0.ngay_cap_nhat,
        vt1_0.ngay_tao,
        vt1_0.ten_vai_tro,
        vt1_0.trang_thai 
    from
        vai_tro vt1_0 
    where
        vt1_0.id=?
2026-08-08 13:04:51 [main] TRACE org.hibernate.orm.jdbc.bind - binding parameter (1:INTEGER) <- [3]
2026-08-08 13:04:51 [main] DEBUG org.hibernate.SQL - 
    select
        vt1_0.id,
        vt1_0.ma_vai_tro,
        vt1_0.mo_ta,
        vt1_0.ngay_cap_nhat,
        vt1_0.ngay_tao,
        vt1_0.ten_vai_tro,
        vt1_0.trang_thai 
    from
        vai_tro vt1_0 
    where
        vt1_0.id=?
Hibernate: 
    select
        vt1_0.id,
        vt1_0.ma_vai_tro,
        vt1_0.mo_ta,
        vt1_0.ngay_cap_nhat,
        vt1_0.ngay_tao,
        vt1_0.ten_vai_tro,
        vt1_0.trang_thai 
    from
        vai_tro vt1_0 
    where
        vt1_0.id=?
2026-08-08 13:04:51 [main] TRACE org.hibernate.orm.jdbc.bind - binding parameter (1:INTEGER) <- [4]
2026-08-08 13:05:51 [MessageBroker-1] INFO  o.s.w.s.c.WebSocketMessageBrokerStats - WebSocketSession[0 current WS(0)-HttpStream(0)-HttpPoll(0), 0 total, 0 closed abnormally (0 connect failure, 0 send limit, 0 transport error)], stompSubProtocol[processed CONNECT(0)-CONNECTED(0)-DISCONNECT(0)], stompBrokerRelay[null], inboundChannel[pool size = 0, active threads = 0, queued tasks = 0, completed tasks = 0], outboundChannel[pool size = 0, active threads = 0, queued tasks = 0, completed tasks = 0], sockJsScheduler[pool size = 1, active threads = 1, queued tasks = 0, completed tasks = 0]
2026-08-08 13:25:54 [http-nio-8081-exec-5] INFO  o.a.tomcat.util.http.parser.Cookie - A cookie header was received [g_state={"i_l":0,"i_ll":1786157938586,"i_b":"odO3wkGm+F+Sp5Vt9yxnTUgybkVxCL7pMIRg8WpExsk","i_e":{"enable_itp_optimization":24},"i_et":1786157938586}] that contained an invalid cookie. That cookie will be ignored.
 Note: further occurrences of this error will be logged at DEBUG level.
2026-08-08 13:25:54 [http-nio-8081-exec-6] INFO  o.a.c.c.C.[Tomcat].[localhost].[/] - Initializing Spring DispatcherServlet 'dispatcherServlet'
2026-08-08 13:25:54 [http-nio-8081-exec-6] INFO  o.s.web.servlet.DispatcherServlet - Initializing Servlet 'dispatcherServlet'
2026-08-08 13:25:54 [http-nio-8081-exec-6] INFO  o.s.web.servlet.DispatcherServlet - Completed initialization in 1 ms
2026-08-08 13:25:54 [http-nio-8081-exec-7] DEBUG org.hibernate.SQL - 
    select
        hg1_0.id,
        hg1_0.ma_hang,
        hg1_0.mo_ta,
        hg1_0.ten_hang 
    from
        hang_gplx hg1_0
Hibernate: 
    select
        hg1_0.id,
        hg1_0.ma_hang,
        hg1_0.mo_ta,
        hg1_0.ten_hang 
    from
        hang_gplx hg1_0
2026-08-08 13:25:54 [http-nio-8081-exec-9] DEBUG org.hibernate.SQL - 
    select
        tk1_0.id,
        tk1_0.anh,
        tk1_0.cccd,
        tk1_0.email,
        tk1_0.google_id,
        tk1_0.ho_ten,
        tk1_0.khoa_den,
        tk1_0.lan_dang_nhap_cuoi,
        tk1_0.mat_khau,
        tk1_0.ngay_cap_nhat,
        tk1_0.ngay_tao,
        tk1_0.nguoi_tao_id,
        tk1_0.so_dien_thoai,
        tk1_0.so_lan_dang_nhap_sai,
        tk1_0.ten_dang_nhap,
        tk1_0.trang_thai,
        tk1_0.vai_tro_id,
        v1_0.id,
        v1_0.ma_vai_tro,
        v1_0.mo_ta,
        v1_0.ngay_cap_nhat,
        v1_0.ngay_tao,
        v1_0.ten_vai_tro,
        v1_0.trang_thai 
    from
        tai_khoan tk1_0 
    left join
        vai_tro v1_0 
            on v1_0.id=tk1_0.vai_tro_id 
    where
        tk1_0.ten_dang_nhap=?
2026-08-08 13:25:54 [http-nio-8081-exec-8] DEBUG org.hibernate.SQL - 
    select
        tk1_0.id,
        tk1_0.anh,
        tk1_0.cccd,
        tk1_0.email,
        tk1_0.google_id,
        tk1_0.ho_ten,
        tk1_0.khoa_den,
        tk1_0.lan_dang_nhap_cuoi,
        tk1_0.mat_khau,
        tk1_0.ngay_cap_nhat,
        tk1_0.ngay_tao,
        tk1_0.nguoi_tao_id,
        tk1_0.so_dien_thoai,
        tk1_0.so_lan_dang_nhap_sai,
        tk1_0.ten_dang_nhap,
        tk1_0.trang_thai,
        tk1_0.vai_tro_id,
        v1_0.id,
        v1_0.ma_vai_tro,
        v1_0.mo_ta,
        v1_0.ngay_cap_nhat,
        v1_0.ngay_tao,
        v1_0.ten_vai_tro,
        v1_0.trang_thai 
    from
        tai_khoan tk1_0 
    left join
        vai_tro v1_0 
            on v1_0.id=tk1_0.vai_tro_id 
    where
        tk1_0.ten_dang_nhap=?
Hibernate: 
    select
        tk1_0.id,
        tk1_0.anh,
        tk1_0.cccd,
        tk1_0.email,
        tk1_0.google_id,
        tk1_0.ho_ten,
        tk1_0.khoa_den,
        tk1_0.lan_dang_nhap_cuoi,
        tk1_0.mat_khau,
        tk1_0.ngay_cap_nhat,
        tk1_0.ngay_tao,
        tk1_0.nguoi_tao_id,
        tk1_0.so_dien_thoai,
        tk1_0.so_lan_dang_nhap_sai,
        tk1_0.ten_dang_nhap,
        tk1_0.trang_thai,
        tk1_0.vai_tro_id,
        v1_0.id,
        v1_0.ma_vai_tro,
        v1_0.mo_ta,
        v1_0.ngay_cap_nhat,
        v1_0.ngay_tao,
        v1_0.ten_vai_tro,
        v1_0.trang_thai 
    from
        tai_khoan tk1_0 
    left join
        vai_tro v1_0 
            on v1_0.id=tk1_0.vai_tro_id 
    where
        tk1_0.ten_dang_nhap=?
Hibernate: 
    select
        tk1_0.id,
        tk1_0.anh,
        tk1_0.cccd,
        tk1_0.email,
        tk1_0.google_id,
        tk1_0.ho_ten,
        tk1_0.khoa_den,
        tk1_0.lan_dang_nhap_cuoi,
        tk1_0.mat_khau,
        tk1_0.ngay_cap_nhat,
        tk1_0.ngay_tao,
        tk1_0.nguoi_tao_id,
        tk1_0.so_dien_thoai,
        tk1_0.so_lan_dang_nhap_sai,
        tk1_0.ten_dang_nhap,
        tk1_0.trang_thai,
        tk1_0.vai_tro_id,
        v1_0.id,
        v1_0.ma_vai_tro,
        v1_0.mo_ta,
        v1_0.ngay_cap_nhat,
        v1_0.ngay_tao,
        v1_0.ten_vai_tro,
        v1_0.trang_thai 
    from
        tai_khoan tk1_0 
    left join
        vai_tro v1_0 
            on v1_0.id=tk1_0.vai_tro_id 
    where
        tk1_0.ten_dang_nhap=?
2026-08-08 13:25:54 [http-nio-8081-exec-9] TRACE org.hibernate.orm.jdbc.bind - binding parameter (1:VARCHAR) <- [hocvien1]
2026-08-08 13:25:54 [http-nio-8081-exec-8] TRACE org.hibernate.orm.jdbc.bind - binding parameter (1:VARCHAR) <- [hocvien1]
2026-08-08 13:25:54 [http-nio-8081-exec-2] DEBUG org.hibernate.SQL - 
    select
        kh1_0.makh,
        cth1_0.macth,
        cth1_0.hangbang,
        cth1_0.hocphi,
        cth1_0.sobuoilythuyet,
        cth1_0.sobuoithuchanh,
        cth1_0.tenchuongtrinh,
        kh1_0.ngaybatdau,
        kh1_0.ngayketthuc,
        kh1_0.tenkhoahoc,
        kh1_0.trangthai 
    from
        khoa_hoc kh1_0 
    left join
        chuong_trinh_hoc cth1_0 
            on cth1_0.macth=kh1_0.macth
Hibernate: 
    select
        kh1_0.makh,
        cth1_0.macth,
        cth1_0.hangbang,
        cth1_0.hocphi,
        cth1_0.sobuoilythuyet,
        cth1_0.sobuoithuchanh,
        cth1_0.tenchuongtrinh,
        kh1_0.ngaybatdau,
        kh1_0.ngayketthuc,
        kh1_0.tenkhoahoc,
        kh1_0.trangthai 
    from
        khoa_hoc kh1_0 
    left join
        chuong_trinh_hoc cth1_0 
            on cth1_0.macth=kh1_0.macth
2026-08-08 13:25:54 [http-nio-8081-exec-9] DEBUG org.hibernate.SQL - 
    select
        hv1_0.mahv,
        hv1_0.cccd,
        hv1_0.diachi,
        hv1_0.email,
        hv1_0.gioitinh,
        hv1_0.hoten,
        hv1_0.ngaydangky,
        hv1_0.ngaysinh,
        hv1_0.sodienthoai 
    from
        hoc_vien hv1_0 
    where
        hv1_0.cccd=?
2026-08-08 13:25:54 [http-nio-8081-exec-8] DEBUG org.hibernate.SQL - 
    select
        hv1_0.mahv,
        hv1_0.cccd,
        hv1_0.diachi,
        hv1_0.email,
        hv1_0.gioitinh,
        hv1_0.hoten,
        hv1_0.ngaydangky,
        hv1_0.ngaysinh,
        hv1_0.sodienthoai 
    from
        hoc_vien hv1_0 
    where
        hv1_0.cccd=?
Hibernate: 
    select
        hv1_0.mahv,
        hv1_0.cccd,
        hv1_0.diachi,
        hv1_0.email,
        hv1_0.gioitinh,
        hv1_0.hoten,
        hv1_0.ngaydangky,
        hv1_0.ngaysinh,
        hv1_0.sodienthoai 
    from
        hoc_vien hv1_0 
    where
        hv1_0.cccd=?
Hibernate: 
    select
        hv1_0.mahv,
        hv1_0.cccd,
        hv1_0.diachi,
        hv1_0.email,
        hv1_0.gioitinh,
        hv1_0.hoten,
        hv1_0.ngaydangky,
        hv1_0.ngaysinh,
        hv1_0.sodienthoai 
    from
        hoc_vien hv1_0 
    where
        hv1_0.cccd=?
2026-08-08 13:25:54 [http-nio-8081-exec-9] TRACE org.hibernate.orm.jdbc.bind - binding parameter (1:VARCHAR) <- [123456789001]
2026-08-08 13:25:54 [http-nio-8081-exec-8] TRACE org.hibernate.orm.jdbc.bind - binding parameter (1:VARCHAR) <- [123456789001]
2026-08-08 13:25:55 [http-nio-8081-exec-9] DEBUG org.hibernate.SQL - 
    select
        dkkh1_0.madk,
        dkkh1_0.hang_gplx_id,
        dkkh1_0.mahv,
        dkkh1_0.makh,
        dkkh1_0.ngaydangky,
        dkkh1_0.trangthai 
    from
        dang_ky_khoa_hoc dkkh1_0
Hibernate: 
    select
        dkkh1_0.madk,
        dkkh1_0.hang_gplx_id,
        dkkh1_0.mahv,
        dkkh1_0.makh,
        dkkh1_0.ngaydangky,
        dkkh1_0.trangthai 
    from
        dang_ky_khoa_hoc dkkh1_0
2026-08-08 13:25:55 [http-nio-8081-exec-8] DEBUG org.hibernate.SQL - 
    select
        tt1_0.matt,
        tt1_0.madk,
        tt1_0.mahv,
        tt1_0.ngaythanhtoan,
        tt1_0.payment_url,
        tt1_0.phuongthuc,
        tt1_0.qr_data,
        tt1_0.sotien,
        tt1_0.trangthai,
        tt1_0.transaction_ref 
    from
        thanh_toan tt1_0 
    where
        tt1_0.mahv=?
Hibernate: 
    select
        tt1_0.matt,
        tt1_0.madk,
        tt1_0.mahv,
        tt1_0.ngaythanhtoan,
        tt1_0.payment_url,
        tt1_0.phuongthuc,
        tt1_0.qr_data,
        tt1_0.sotien,
        tt1_0.trangthai,
        tt1_0.transaction_ref 
    from
        thanh_toan tt1_0 
    where
        tt1_0.mahv=?
2026-08-08 13:25:55 [http-nio-8081-exec-8] TRACE org.hibernate.orm.jdbc.bind - binding parameter (1:INTEGER) <- [1]
2026-08-08 13:25:55 [http-nio-8081-exec-2] DEBUG org.hibernate.SQL - 
    select
        dkkh1_0.makh,
        count_big(dkkh1_0.madk) 
    from
        dang_ky_khoa_hoc dkkh1_0 
    group by
        dkkh1_0.makh
Hibernate: 
    select
        dkkh1_0.makh,
        count_big(dkkh1_0.madk) 
    from
        dang_ky_khoa_hoc dkkh1_0 
    group by
        dkkh1_0.makh
2026-08-08 13:25:55 [http-nio-8081-exec-9] DEBUG org.hibernate.SQL - 
    select
        hv1_0.mahv,
        hv1_0.cccd,
        hv1_0.diachi,
        hv1_0.email,
        hv1_0.gioitinh,
        hv1_0.hoten,
        hv1_0.ngaydangky,
        hv1_0.ngaysinh,
        hv1_0.sodienthoai 
    from
        hoc_vien hv1_0 
    where
        hv1_0.mahv=?
Hibernate: 
    select
        hv1_0.mahv,
        hv1_0.cccd,
        hv1_0.diachi,
        hv1_0.email,
        hv1_0.gioitinh,
        hv1_0.hoten,
        hv1_0.ngaydangky,
        hv1_0.ngaysinh,
        hv1_0.sodienthoai 
    from
        hoc_vien hv1_0 
    where
        hv1_0.mahv=?
2026-08-08 13:25:55 [http-nio-8081-exec-9] TRACE org.hibernate.orm.jdbc.bind - binding parameter (1:INTEGER) <- [1]
2026-08-08 13:25:55 [http-nio-8081-exec-8] DEBUG org.hibernate.SQL - 
    select
        dkkh1_0.madk,
        hg1_0.id,
        hg1_0.ma_hang,
        hg1_0.mo_ta,
        hg1_0.ten_hang,
        dkkh1_0.mahv,
        hv1_0.mahv,
        hv1_0.cccd,
        hv1_0.diachi,
        hv1_0.email,
        hv1_0.gioitinh,
        hv1_0.hoten,
        hv1_0.ngaydangky,
        hv1_0.ngaysinh,
        hv1_0.sodienthoai,
        dkkh1_0.makh,
        kh1_0.makh,
        cth1_0.macth,
        cth1_0.hangbang,
        cth1_0.hocphi,
        cth1_0.sobuoilythuyet,
        cth1_0.sobuoithuchanh,
        cth1_0.tenchuongtrinh,
        kh1_0.ngaybatdau,
        kh1_0.ngayketthuc,
        kh1_0.tenkhoahoc,
        kh1_0.trangthai,
        dkkh1_0.ngaydangky,
        dkkh1_0.trangthai 
    from
        dang_ky_khoa_hoc dkkh1_0 
    left join
        hang_gplx hg1_0 
            on hg1_0.id=dkkh1_0.hang_gplx_id 
    join
        hoc_vien hv1_0 
            on hv1_0.mahv=dkkh1_0.mahv 
    join
        khoa_hoc kh1_0 
            on kh1_0.makh=dkkh1_0.makh 
    left join
        chuong_trinh_hoc cth1_0 
            on cth1_0.macth=kh1_0.macth 
    where
        dkkh1_0.madk=?
2026-08-08 13:25:55 [http-nio-8081-exec-9] DEBUG org.hibernate.SQL - 
    select
        kh1_0.makh,
        cth1_0.macth,
        cth1_0.hangbang,
        cth1_0.hocphi,
        cth1_0.sobuoilythuyet,
        cth1_0.sobuoithuchanh,
        cth1_0.tenchuongtrinh,
        kh1_0.ngaybatdau,
        kh1_0.ngayketthuc,
        kh1_0.tenkhoahoc,
        kh1_0.trangthai 
    from
        khoa_hoc kh1_0 
    left join
        chuong_trinh_hoc cth1_0 
            on cth1_0.macth=kh1_0.macth 
    where
        kh1_0.makh=?
Hibernate: 
    select
        dkkh1_0.madk,
        hg1_0.id,
        hg1_0.ma_hang,
        hg1_0.mo_ta,
        hg1_0.ten_hang,
        dkkh1_0.mahv,
        hv1_0.mahv,
        hv1_0.cccd,
        hv1_0.diachi,
        hv1_0.email,
        hv1_0.gioitinh,
        hv1_0.hoten,
        hv1_0.ngaydangky,
        hv1_0.ngaysinh,
        hv1_0.sodienthoai,
        dkkh1_0.makh,
        kh1_0.makh,
        cth1_0.macth,
        cth1_0.hangbang,
        cth1_0.hocphi,
        cth1_0.sobuoilythuyet,
        cth1_0.sobuoithuchanh,
        cth1_0.tenchuongtrinh,
        kh1_0.ngaybatdau,
        kh1_0.ngayketthuc,
        kh1_0.tenkhoahoc,
        kh1_0.trangthai,
        dkkh1_0.ngaydangky,
        dkkh1_0.trangthai 
    from
        dang_ky_khoa_hoc dkkh1_0 
    left join
        hang_gplx hg1_0 
            on hg1_0.id=dkkh1_0.hang_gplx_id 
    join
        hoc_vien hv1_0 
            on hv1_0.mahv=dkkh1_0.mahv 
    join
        khoa_hoc kh1_0 
            on kh1_0.makh=dkkh1_0.makh 
    left join
        chuong_trinh_hoc cth1_0 
            on cth1_0.macth=kh1_0.macth 
    where
        dkkh1_0.madk=?
Hibernate: 
    select
        kh1_0.makh,
        cth1_0.macth,
        cth1_0.hangbang,
        cth1_0.hocphi,
        cth1_0.sobuoilythuyet,
        cth1_0.sobuoithuchanh,
        cth1_0.tenchuongtrinh,
        kh1_0.ngaybatdau,
        kh1_0.ngayketthuc,
        kh1_0.tenkhoahoc,
        kh1_0.trangthai 
    from
        khoa_hoc kh1_0 
    left join
        chuong_trinh_hoc cth1_0 
            on cth1_0.macth=kh1_0.macth 
    where
        kh1_0.makh=?
2026-08-08 13:25:55 [http-nio-8081-exec-9] TRACE org.hibernate.orm.jdbc.bind - binding parameter (1:INTEGER) <- [1]
2026-08-08 13:25:55 [http-nio-8081-exec-8] TRACE org.hibernate.orm.jdbc.bind - binding parameter (1:INTEGER) <- [1]
2026-08-08 13:25:55 [http-nio-8081-exec-9] DEBUG org.hibernate.SQL - 
    select
        hv1_0.mahv,
        hv1_0.cccd,
        hv1_0.diachi,
        hv1_0.email,
        hv1_0.gioitinh,
        hv1_0.hoten,
        hv1_0.ngaydangky,
        hv1_0.ngaysinh,
        hv1_0.sodienthoai 
    from
        hoc_vien hv1_0 
    where
        hv1_0.mahv=?
Hibernate: 
    select
        hv1_0.mahv,
        hv1_0.cccd,
        hv1_0.diachi,
        hv1_0.email,
        hv1_0.gioitinh,
        hv1_0.hoten,
        hv1_0.ngaydangky,
        hv1_0.ngaysinh,
        hv1_0.sodienthoai 
    from
        hoc_vien hv1_0 
    where
        hv1_0.mahv=?
2026-08-08 13:25:55 [http-nio-8081-exec-9] TRACE org.hibernate.orm.jdbc.bind - binding parameter (1:INTEGER) <- [2]
2026-08-08 13:25:55 [http-nio-8081-exec-9] DEBUG org.hibernate.SQL - 
    select
        hv1_0.mahv,
        hv1_0.cccd,
        hv1_0.diachi,
        hv1_0.email,
        hv1_0.gioitinh,
        hv1_0.hoten,
        hv1_0.ngaydangky,
        hv1_0.ngaysinh,
        hv1_0.sodienthoai 
    from
        hoc_vien hv1_0 
    where
        hv1_0.mahv=?
Hibernate: 
    select
        hv1_0.mahv,
        hv1_0.cccd,
        hv1_0.diachi,
        hv1_0.email,
        hv1_0.gioitinh,
        hv1_0.hoten,
        hv1_0.ngaydangky,
        hv1_0.ngaysinh,
        hv1_0.sodienthoai 
    from
        hoc_vien hv1_0 
    where
        hv1_0.mahv=?
2026-08-08 13:25:55 [http-nio-8081-exec-9] TRACE org.hibernate.orm.jdbc.bind - binding parameter (1:INTEGER) <- [3]
2026-08-08 13:25:55 [http-nio-8081-exec-9] DEBUG org.hibernate.SQL - 
    select
        kh1_0.makh,
        cth1_0.macth,
        cth1_0.hangbang,
        cth1_0.hocphi,
        cth1_0.sobuoilythuyet,
        cth1_0.sobuoithuchanh,
        cth1_0.tenchuongtrinh,
        kh1_0.ngaybatdau,
        kh1_0.ngayketthuc,
        kh1_0.tenkhoahoc,
        kh1_0.trangthai 
    from
        khoa_hoc kh1_0 
    left join
        chuong_trinh_hoc cth1_0 
            on cth1_0.macth=kh1_0.macth 
    where
        kh1_0.makh=?
Hibernate: 
    select
        kh1_0.makh,
        cth1_0.macth,
        cth1_0.hangbang,
        cth1_0.hocphi,
        cth1_0.sobuoilythuyet,
        cth1_0.sobuoithuchanh,
        cth1_0.tenchuongtrinh,
        kh1_0.ngaybatdau,
        kh1_0.ngayketthuc,
        kh1_0.tenkhoahoc,
        kh1_0.trangthai 
    from
        khoa_hoc kh1_0 
    left join
        chuong_trinh_hoc cth1_0 
            on cth1_0.macth=kh1_0.macth 
    where
        kh1_0.makh=?
2026-08-08 13:25:55 [http-nio-8081-exec-9] TRACE org.hibernate.orm.jdbc.bind - binding parameter (1:INTEGER) <- [2]
2026-08-08 13:26:57 [http-nio-8081-exec-4] DEBUG org.hibernate.SQL - 
    select
        tk1_0.id,
        tk1_0.anh,
        tk1_0.cccd,
        tk1_0.email,
        tk1_0.google_id,
        tk1_0.ho_ten,
        tk1_0.khoa_den,
        tk1_0.lan_dang_nhap_cuoi,
        tk1_0.mat_khau,
        tk1_0.ngay_cap_nhat,
        tk1_0.ngay_tao,
        tk1_0.nguoi_tao_id,
        tk1_0.so_dien_thoai,
        tk1_0.so_lan_dang_nhap_sai,
        tk1_0.ten_dang_nhap,
        tk1_0.trang_thai,
        tk1_0.vai_tro_id,
        v1_0.id,
        v1_0.ma_vai_tro,
        v1_0.mo_ta,
        v1_0.ngay_cap_nhat,
        v1_0.ngay_tao,
        v1_0.ten_vai_tro,
        v1_0.trang_thai 
    from
        tai_khoan tk1_0 
    left join
        vai_tro v1_0 
            on v1_0.id=tk1_0.vai_tro_id 
    where
        tk1_0.ten_dang_nhap=?
Hibernate: 
    select
        tk1_0.id,
        tk1_0.anh,
        tk1_0.cccd,
        tk1_0.email,
        tk1_0.google_id,
        tk1_0.ho_ten,
        tk1_0.khoa_den,
        tk1_0.lan_dang_nhap_cuoi,
        tk1_0.mat_khau,
        tk1_0.ngay_cap_nhat,
        tk1_0.ngay_tao,
        tk1_0.nguoi_tao_id,
        tk1_0.so_dien_thoai,
        tk1_0.so_lan_dang_nhap_sai,
        tk1_0.ten_dang_nhap,
        tk1_0.trang_thai,
        tk1_0.vai_tro_id,
        v1_0.id,
        v1_0.ma_vai_tro,
        v1_0.mo_ta,
        v1_0.ngay_cap_nhat,
        v1_0.ngay_tao,
        v1_0.ten_vai_tro,
        v1_0.trang_thai 
    from
        tai_khoan tk1_0 
    left join
        vai_tro v1_0 
            on v1_0.id=tk1_0.vai_tro_id 
    where
        tk1_0.ten_dang_nhap=?
2026-08-08 13:26:57 [http-nio-8081-exec-4] TRACE org.hibernate.orm.jdbc.bind - binding parameter (1:VARCHAR) <- [hocvien1]
2026-08-08 13:26:57 [http-nio-8081-exec-4] DEBUG org.hibernate.SQL - 
    select
        tk1_0.id,
        tk1_0.anh,
        tk1_0.cccd,
        tk1_0.email,
        tk1_0.google_id,
        tk1_0.ho_ten,
        tk1_0.khoa_den,
        tk1_0.lan_dang_nhap_cuoi,
        tk1_0.mat_khau,
        tk1_0.ngay_cap_nhat,
        tk1_0.ngay_tao,
        tk1_0.nguoi_tao_id,
        tk1_0.so_dien_thoai,
        tk1_0.so_lan_dang_nhap_sai,
        tk1_0.ten_dang_nhap,
        tk1_0.trang_thai,
        tk1_0.vai_tro_id,
        v1_0.id,
        v1_0.ma_vai_tro,
        v1_0.mo_ta,
        v1_0.ngay_cap_nhat,
        v1_0.ngay_tao,
        v1_0.ten_vai_tro,
        v1_0.trang_thai 
    from
        tai_khoan tk1_0 
    left join
        vai_tro v1_0 
            on v1_0.id=tk1_0.vai_tro_id 
    where
        tk1_0.ten_dang_nhap=?
Hibernate: 
    select
        tk1_0.id,
        tk1_0.anh,
        tk1_0.cccd,
        tk1_0.email,
        tk1_0.google_id,
        tk1_0.ho_ten,
        tk1_0.khoa_den,
        tk1_0.lan_dang_nhap_cuoi,
        tk1_0.mat_khau,
        tk1_0.ngay_cap_nhat,
        tk1_0.ngay_tao,
        tk1_0.nguoi_tao_id,
        tk1_0.so_dien_thoai,
        tk1_0.so_lan_dang_nhap_sai,
        tk1_0.ten_dang_nhap,
        tk1_0.trang_thai,
        tk1_0.vai_tro_id,
        v1_0.id,
        v1_0.ma_vai_tro,
        v1_0.mo_ta,
        v1_0.ngay_cap_nhat,
        v1_0.ngay_tao,
        v1_0.ten_vai_tro,
        v1_0.trang_thai 
    from
        tai_khoan tk1_0 
    left join
        vai_tro v1_0 
            on v1_0.id=tk1_0.vai_tro_id 
    where
        tk1_0.ten_dang_nhap=?
2026-08-08 13:26:57 [http-nio-8081-exec-4] TRACE org.hibernate.orm.jdbc.bind - binding parameter (1:VARCHAR) <- [hocvien1]
2026-08-08 13:26:57 [http-nio-8081-exec-8] DEBUG org.hibernate.SQL - 
    select
        tk1_0.id,
        tk1_0.anh,
        tk1_0.cccd,
        tk1_0.email,
        tk1_0.google_id,
        tk1_0.ho_ten,
        tk1_0.khoa_den,
        tk1_0.lan_dang_nhap_cuoi,
        tk1_0.mat_khau,
        tk1_0.ngay_cap_nhat,
        tk1_0.ngay_tao,
        tk1_0.nguoi_tao_id,
        tk1_0.so_dien_thoai,
        tk1_0.so_lan_dang_nhap_sai,
        tk1_0.ten_dang_nhap,
        tk1_0.trang_thai,
        tk1_0.vai_tro_id,
        v1_0.id,
        v1_0.ma_vai_tro,
        v1_0.mo_ta,
        v1_0.ngay_cap_nhat,
        v1_0.ngay_tao,
        v1_0.ten_vai_tro,
        v1_0.trang_thai 
    from
        tai_khoan tk1_0 
    left join
        vai_tro v1_0 
            on v1_0.id=tk1_0.vai_tro_id 
    where
        tk1_0.ten_dang_nhap=?
Hibernate: 
    select
        tk1_0.id,
        tk1_0.anh,
        tk1_0.cccd,
        tk1_0.email,
        tk1_0.google_id,
        tk1_0.ho_ten,
        tk1_0.khoa_den,
        tk1_0.lan_dang_nhap_cuoi,
        tk1_0.mat_khau,
        tk1_0.ngay_cap_nhat,
        tk1_0.ngay_tao,
        tk1_0.nguoi_tao_id,
        tk1_0.so_dien_thoai,
        tk1_0.so_lan_dang_nhap_sai,
        tk1_0.ten_dang_nhap,
        tk1_0.trang_thai,
        tk1_0.vai_tro_id,
        v1_0.id,
        v1_0.ma_vai_tro,
        v1_0.mo_ta,
        v1_0.ngay_cap_nhat,
        v1_0.ngay_tao,
        v1_0.ten_vai_tro,
        v1_0.trang_thai 
    from
        tai_khoan tk1_0 
    left join
        vai_tro v1_0 
            on v1_0.id=tk1_0.vai_tro_id 
    where
        tk1_0.ten_dang_nhap=?
2026-08-08 13:26:57 [http-nio-8081-exec-8] TRACE org.hibernate.orm.jdbc.bind - binding parameter (1:VARCHAR) <- [hocvien1]
2026-08-08 13:26:57 [http-nio-8081-exec-8] DEBUG org.hibernate.SQL - 
    select
        hv1_0.mahv,
        hv1_0.cccd,
        hv1_0.diachi,
        hv1_0.email,
        hv1_0.gioitinh,
        hv1_0.hoten,
        hv1_0.ngaydangky,
        hv1_0.ngaysinh,
        hv1_0.sodienthoai 
    from
        hoc_vien hv1_0 
    where
        hv1_0.cccd=?
Hibernate: 
    select
        hv1_0.mahv,
        hv1_0.cccd,
        hv1_0.diachi,
        hv1_0.email,
        hv1_0.gioitinh,
        hv1_0.hoten,
        hv1_0.ngaydangky,
        hv1_0.ngaysinh,
        hv1_0.sodienthoai 
    from
        hoc_vien hv1_0 
    where
        hv1_0.cccd=?
2026-08-08 13:26:57 [http-nio-8081-exec-8] TRACE org.hibernate.orm.jdbc.bind - binding parameter (1:VARCHAR) <- [123456789001]
2026-08-08 13:26:58 [http-nio-8081-exec-8] DEBUG org.hibernate.SQL - 
    select
        tt1_0.matt,
        tt1_0.madk,
        tt1_0.mahv,
        tt1_0.ngaythanhtoan,
        tt1_0.payment_url,
        tt1_0.phuongthuc,
        tt1_0.qr_data,
        tt1_0.sotien,
        tt1_0.trangthai,
        tt1_0.transaction_ref 
    from
        thanh_toan tt1_0 
    where
        tt1_0.mahv=?
Hibernate: 
    select
        tt1_0.matt,
        tt1_0.madk,
        tt1_0.mahv,
        tt1_0.ngaythanhtoan,
        tt1_0.payment_url,
        tt1_0.phuongthuc,
        tt1_0.qr_data,
        tt1_0.sotien,
        tt1_0.trangthai,
        tt1_0.transaction_ref 
    from
        thanh_toan tt1_0 
    where
        tt1_0.mahv=?
2026-08-08 13:26:58 [http-nio-8081-exec-8] TRACE org.hibernate.orm.jdbc.bind - binding parameter (1:INTEGER) <- [1]
2026-08-08 13:26:58 [http-nio-8081-exec-8] DEBUG org.hibernate.SQL - 
    select
        dkkh1_0.madk,
        hg1_0.id,
        hg1_0.ma_hang,
        hg1_0.mo_ta,
        hg1_0.ten_hang,
        dkkh1_0.mahv,
        hv1_0.mahv,
        hv1_0.cccd,
        hv1_0.diachi,
        hv1_0.email,
        hv1_0.gioitinh,
        hv1_0.hoten,
        hv1_0.ngaydangky,
        hv1_0.ngaysinh,
        hv1_0.sodienthoai,
        dkkh1_0.makh,
        kh1_0.makh,
        cth1_0.macth,
        cth1_0.hangbang,
        cth1_0.hocphi,
        cth1_0.sobuoilythuyet,
        cth1_0.sobuoithuchanh,
        cth1_0.tenchuongtrinh,
        kh1_0.ngaybatdau,
        kh1_0.ngayketthuc,
        kh1_0.tenkhoahoc,
        kh1_0.trangthai,
        dkkh1_0.ngaydangky,
        dkkh1_0.trangthai 
    from
        dang_ky_khoa_hoc dkkh1_0 
    left join
        hang_gplx hg1_0 
            on hg1_0.id=dkkh1_0.hang_gplx_id 
    join
        hoc_vien hv1_0 
            on hv1_0.mahv=dkkh1_0.mahv 
    join
        khoa_hoc kh1_0 
            on kh1_0.makh=dkkh1_0.makh 
    left join
        chuong_trinh_hoc cth1_0 
            on cth1_0.macth=kh1_0.macth 
    where
        dkkh1_0.madk=?
Hibernate: 
    select
        dkkh1_0.madk,
        hg1_0.id,
        hg1_0.ma_hang,
        hg1_0.mo_ta,
        hg1_0.ten_hang,
        dkkh1_0.mahv,
        hv1_0.mahv,
        hv1_0.cccd,
        hv1_0.diachi,
        hv1_0.email,
        hv1_0.gioitinh,
        hv1_0.hoten,
        hv1_0.ngaydangky,
        hv1_0.ngaysinh,
        hv1_0.sodienthoai,
        dkkh1_0.makh,
        kh1_0.makh,
        cth1_0.macth,
        cth1_0.hangbang,
        cth1_0.hocphi,
        cth1_0.sobuoilythuyet,
        cth1_0.sobuoithuchanh,
        cth1_0.tenchuongtrinh,
        kh1_0.ngaybatdau,
        kh1_0.ngayketthuc,
        kh1_0.tenkhoahoc,
        kh1_0.trangthai,
        dkkh1_0.ngaydangky,
        dkkh1_0.trangthai 
    from
        dang_ky_khoa_hoc dkkh1_0 
    left join
        hang_gplx hg1_0 
            on hg1_0.id=dkkh1_0.hang_gplx_id 
    join
        hoc_vien hv1_0 
            on hv1_0.mahv=dkkh1_0.mahv 
    join
        khoa_hoc kh1_0 
            on kh1_0.makh=dkkh1_0.makh 
    left join
        chuong_trinh_hoc cth1_0 
            on cth1_0.macth=kh1_0.macth 
    where
        dkkh1_0.madk=?
2026-08-08 13:26:58 [http-nio-8081-exec-8] TRACE org.hibernate.orm.jdbc.bind - binding parameter (1:INTEGER) <- [1]
2026-08-08 13:27:09 [http-nio-8081-exec-2] DEBUG org.hibernate.SQL - 
    select
        tk1_0.id,
        tk1_0.anh,
        tk1_0.cccd,
        tk1_0.email,
        tk1_0.google_id,
        tk1_0.ho_ten,
        tk1_0.khoa_den,
        tk1_0.lan_dang_nhap_cuoi,
        tk1_0.mat_khau,
        tk1_0.ngay_cap_nhat,
        tk1_0.ngay_tao,
        tk1_0.nguoi_tao_id,
        tk1_0.so_dien_thoai,
        tk1_0.so_lan_dang_nhap_sai,
        tk1_0.ten_dang_nhap,
        tk1_0.trang_thai,
        tk1_0.vai_tro_id,
        v1_0.id,
        v1_0.ma_vai_tro,
        v1_0.mo_ta,
        v1_0.ngay_cap_nhat,
        v1_0.ngay_tao,
        v1_0.ten_vai_tro,
        v1_0.trang_thai 
    from
        tai_khoan tk1_0 
    left join
        vai_tro v1_0 
            on v1_0.id=tk1_0.vai_tro_id 
    where
        tk1_0.ten_dang_nhap=?
Hibernate: 
    select
        tk1_0.id,
        tk1_0.anh,
        tk1_0.cccd,
        tk1_0.email,
        tk1_0.google_id,
        tk1_0.ho_ten,
        tk1_0.khoa_den,
        tk1_0.lan_dang_nhap_cuoi,
        tk1_0.mat_khau,
        tk1_0.ngay_cap_nhat,
        tk1_0.ngay_tao,
        tk1_0.nguoi_tao_id,
        tk1_0.so_dien_thoai,
        tk1_0.so_lan_dang_nhap_sai,
        tk1_0.ten_dang_nhap,
        tk1_0.trang_thai,
        tk1_0.vai_tro_id,
        v1_0.id,
        v1_0.ma_vai_tro,
        v1_0.mo_ta,
        v1_0.ngay_cap_nhat,
        v1_0.ngay_tao,
        v1_0.ten_vai_tro,
        v1_0.trang_thai 
    from
        tai_khoan tk1_0 
    left join
        vai_tro v1_0 
            on v1_0.id=tk1_0.vai_tro_id 
    where
        tk1_0.ten_dang_nhap=?
2026-08-08 13:27:09 [http-nio-8081-exec-2] TRACE org.hibernate.orm.jdbc.bind - binding parameter (1:VARCHAR) <- [hocvien1]
2026-08-08 13:27:09 [http-nio-8081-exec-2] DEBUG org.hibernate.SQL - 
    select
        tk1_0.id,
        tk1_0.anh,
        tk1_0.cccd,
        tk1_0.email,
        tk1_0.google_id,
        tk1_0.ho_ten,
        tk1_0.khoa_den,
        tk1_0.lan_dang_nhap_cuoi,
        tk1_0.mat_khau,
        tk1_0.ngay_cap_nhat,
        tk1_0.ngay_tao,
        tk1_0.nguoi_tao_id,
        tk1_0.so_dien_thoai,
        tk1_0.so_lan_dang_nhap_sai,
        tk1_0.ten_dang_nhap,
        tk1_0.trang_thai,
        tk1_0.vai_tro_id,
        v1_0.id,
        v1_0.ma_vai_tro,
        v1_0.mo_ta,
        v1_0.ngay_cap_nhat,
        v1_0.ngay_tao,
        v1_0.ten_vai_tro,
        v1_0.trang_thai 
    from
        tai_khoan tk1_0 
    left join
        vai_tro v1_0 
            on v1_0.id=tk1_0.vai_tro_id 
    where
        tk1_0.ten_dang_nhap=?
Hibernate: 
    select
        tk1_0.id,
        tk1_0.anh,
        tk1_0.cccd,
        tk1_0.email,
        tk1_0.google_id,
        tk1_0.ho_ten,
        tk1_0.khoa_den,
        tk1_0.lan_dang_nhap_cuoi,
        tk1_0.mat_khau,
        tk1_0.ngay_cap_nhat,
        tk1_0.ngay_tao,
        tk1_0.nguoi_tao_id,
        tk1_0.so_dien_thoai,
        tk1_0.so_lan_dang_nhap_sai,
        tk1_0.ten_dang_nhap,
        tk1_0.trang_thai,
        tk1_0.vai_tro_id,
        v1_0.id,
        v1_0.ma_vai_tro,
        v1_0.mo_ta,
        v1_0.ngay_cap_nhat,
        v1_0.ngay_tao,
        v1_0.ten_vai_tro,
        v1_0.trang_thai 
    from
        tai_khoan tk1_0 
    left join
        vai_tro v1_0 
            on v1_0.id=tk1_0.vai_tro_id 
    where
        tk1_0.ten_dang_nhap=?
2026-08-08 13:27:09 [http-nio-8081-exec-2] TRACE org.hibernate.orm.jdbc.bind - binding parameter (1:VARCHAR) <- [hocvien1]
2026-08-08 13:27:10 [http-nio-8081-exec-9] DEBUG org.hibernate.SQL - 
    select
        tt1_0.matt,
        tt1_0.madk,
        dkkh1_0.madk,
        hg1_0.id,
        hg1_0.ma_hang,
        hg1_0.mo_ta,
        hg1_0.ten_hang,
        dkkh1_0.mahv,
        hv1_0.mahv,
        hv1_0.cccd,
        hv1_0.diachi,
        hv1_0.email,
        hv1_0.gioitinh,
        hv1_0.hoten,
        hv1_0.ngaydangky,
        hv1_0.ngaysinh,
        hv1_0.sodienthoai,
        dkkh1_0.makh,
        kh1_0.makh,
        cth1_0.macth,
        cth1_0.hangbang,
        cth1_0.hocphi,
        cth1_0.sobuoilythuyet,
        cth1_0.sobuoithuchanh,
        cth1_0.tenchuongtrinh,
        kh1_0.ngaybatdau,
        kh1_0.ngayketthuc,
        kh1_0.tenkhoahoc,
        kh1_0.trangthai,
        dkkh1_0.ngaydangky,
        dkkh1_0.trangthai,
        tt1_0.mahv,
        hv2_0.mahv,
        hv2_0.cccd,
        hv2_0.diachi,
        hv2_0.email,
        hv2_0.gioitinh,
        hv2_0.hoten,
        hv2_0.ngaydangky,
        hv2_0.ngaysinh,
        hv2_0.sodienthoai,
        tt1_0.ngaythanhtoan,
        tt1_0.payment_url,
        tt1_0.phuongthuc,
        tt1_0.qr_data,
        tt1_0.sotien,
        tt1_0.trangthai,
        tt1_0.transaction_ref 
    from
        thanh_toan tt1_0 
    join
        dang_ky_khoa_hoc dkkh1_0 
            on dkkh1_0.madk=tt1_0.madk 
    left join
        hang_gplx hg1_0 
            on hg1_0.id=dkkh1_0.hang_gplx_id 
    left join
        hoc_vien hv1_0 
            on hv1_0.mahv=dkkh1_0.mahv 
    left join
        khoa_hoc kh1_0 
            on kh1_0.makh=dkkh1_0.makh 
    left join
        chuong_trinh_hoc cth1_0 
            on cth1_0.macth=kh1_0.macth 
    join
        hoc_vien hv2_0 
            on hv2_0.mahv=tt1_0.mahv 
    where
        tt1_0.matt=?
Hibernate: 
    select
        tt1_0.matt,
        tt1_0.madk,
        dkkh1_0.madk,
        hg1_0.id,
        hg1_0.ma_hang,
        hg1_0.mo_ta,
        hg1_0.ten_hang,
        dkkh1_0.mahv,
        hv1_0.mahv,
        hv1_0.cccd,
        hv1_0.diachi,
        hv1_0.email,
        hv1_0.gioitinh,
        hv1_0.hoten,
        hv1_0.ngaydangky,
        hv1_0.ngaysinh,
        hv1_0.sodienthoai,
        dkkh1_0.makh,
        kh1_0.makh,
        cth1_0.macth,
        cth1_0.hangbang,
        cth1_0.hocphi,
        cth1_0.sobuoilythuyet,
        cth1_0.sobuoithuchanh,
        cth1_0.tenchuongtrinh,
        kh1_0.ngaybatdau,
        kh1_0.ngayketthuc,
        kh1_0.tenkhoahoc,
        kh1_0.trangthai,
        dkkh1_0.ngaydangky,
        dkkh1_0.trangthai,
        tt1_0.mahv,
        hv2_0.mahv,
        hv2_0.cccd,
        hv2_0.diachi,
        hv2_0.email,
        hv2_0.gioitinh,
        hv2_0.hoten,
        hv2_0.ngaydangky,
        hv2_0.ngaysinh,
        hv2_0.sodienthoai,
        tt1_0.ngaythanhtoan,
        tt1_0.payment_url,
        tt1_0.phuongthuc,
        tt1_0.qr_data,
        tt1_0.sotien,
        tt1_0.trangthai,
        tt1_0.transaction_ref 
    from
        thanh_toan tt1_0 
    join
        dang_ky_khoa_hoc dkkh1_0 
            on dkkh1_0.madk=tt1_0.madk 
    left join
        hang_gplx hg1_0 
            on hg1_0.id=dkkh1_0.hang_gplx_id 
    left join
        hoc_vien hv1_0 
            on hv1_0.mahv=dkkh1_0.mahv 
    left join
        khoa_hoc kh1_0 
            on kh1_0.makh=dkkh1_0.makh 
    left join
        chuong_trinh_hoc cth1_0 
            on cth1_0.macth=kh1_0.macth 
    join
        hoc_vien hv2_0 
            on hv2_0.mahv=tt1_0.mahv 
    where
        tt1_0.matt=?
2026-08-08 13:27:10 [http-nio-8081-exec-9] TRACE org.hibernate.orm.jdbc.bind - binding parameter (1:INTEGER) <- [2]
2026-08-08 13:27:10 [http-nio-8081-exec-9] DEBUG org.hibernate.SQL - 
    select
        tk1_0.id,
        tk1_0.anh,
        tk1_0.cccd,
        tk1_0.email,
        tk1_0.google_id,
        tk1_0.ho_ten,
        tk1_0.khoa_den,
        tk1_0.lan_dang_nhap_cuoi,
        tk1_0.mat_khau,
        tk1_0.ngay_cap_nhat,
        tk1_0.ngay_tao,
        tk1_0.nguoi_tao_id,
        tk1_0.so_dien_thoai,
        tk1_0.so_lan_dang_nhap_sai,
        tk1_0.ten_dang_nhap,
        tk1_0.trang_thai,
        tk1_0.vai_tro_id,
        v1_0.id,
        v1_0.ma_vai_tro,
        v1_0.mo_ta,
        v1_0.ngay_cap_nhat,
        v1_0.ngay_tao,
        v1_0.ten_vai_tro,
        v1_0.trang_thai 
    from
        tai_khoan tk1_0 
    left join
        vai_tro v1_0 
            on v1_0.id=tk1_0.vai_tro_id 
    where
        tk1_0.ten_dang_nhap=?
Hibernate: 
    select
        tk1_0.id,
        tk1_0.anh,
        tk1_0.cccd,
        tk1_0.email,
        tk1_0.google_id,
        tk1_0.ho_ten,
        tk1_0.khoa_den,
        tk1_0.lan_dang_nhap_cuoi,
        tk1_0.mat_khau,
        tk1_0.ngay_cap_nhat,
        tk1_0.ngay_tao,
        tk1_0.nguoi_tao_id,
        tk1_0.so_dien_thoai,
        tk1_0.so_lan_dang_nhap_sai,
        tk1_0.ten_dang_nhap,
        tk1_0.trang_thai,
        tk1_0.vai_tro_id,
        v1_0.id,
        v1_0.ma_vai_tro,
        v1_0.mo_ta,
        v1_0.ngay_cap_nhat,
        v1_0.ngay_tao,
        v1_0.ten_vai_tro,
        v1_0.trang_thai 
    from
        tai_khoan tk1_0 
    left join
        vai_tro v1_0 
            on v1_0.id=tk1_0.vai_tro_id 
    where
        tk1_0.ten_dang_nhap=?
2026-08-08 13:27:10 [http-nio-8081-exec-9] TRACE org.hibernate.orm.jdbc.bind - binding parameter (1:VARCHAR) <- [hocvien1]
2026-08-08 13:27:10 [http-nio-8081-exec-9] DEBUG org.hibernate.SQL - 
    select
        hv1_0.mahv,
        hv1_0.cccd,
        hv1_0.diachi,
        hv1_0.email,
        hv1_0.gioitinh,
        hv1_0.hoten,
        hv1_0.ngaydangky,
        hv1_0.ngaysinh,
        hv1_0.sodienthoai 
    from
        hoc_vien hv1_0 
    where
        hv1_0.cccd=?
Hibernate: 
    select
        hv1_0.mahv,
        hv1_0.cccd,
        hv1_0.diachi,
        hv1_0.email,
        hv1_0.gioitinh,
        hv1_0.hoten,
        hv1_0.ngaydangky,
        hv1_0.ngaysinh,
        hv1_0.sodienthoai 
    from
        hoc_vien hv1_0 
    where
        hv1_0.cccd=?
2026-08-08 13:27:10 [http-nio-8081-exec-9] TRACE org.hibernate.orm.jdbc.bind - binding parameter (1:VARCHAR) <- [123456789001]
2026-08-08 13:27:10 [http-nio-8081-exec-3] DEBUG org.hibernate.SQL - 
    select
        tt1_0.matt,
        tt1_0.madk,
        dkkh1_0.madk,
        hg1_0.id,
        hg1_0.ma_hang,
        hg1_0.mo_ta,
        hg1_0.ten_hang,
        dkkh1_0.mahv,
        hv1_0.mahv,
        hv1_0.cccd,
        hv1_0.diachi,
        hv1_0.email,
        hv1_0.gioitinh,
        hv1_0.hoten,
        hv1_0.ngaydangky,
        hv1_0.ngaysinh,
        hv1_0.sodienthoai,
        dkkh1_0.makh,
        kh1_0.makh,
        cth1_0.macth,
        cth1_0.hangbang,
        cth1_0.hocphi,
        cth1_0.sobuoilythuyet,
        cth1_0.sobuoithuchanh,
        cth1_0.tenchuongtrinh,
        kh1_0.ngaybatdau,
        kh1_0.ngayketthuc,
        kh1_0.tenkhoahoc,
        kh1_0.trangthai,
        dkkh1_0.ngaydangky,
        dkkh1_0.trangthai,
        tt1_0.mahv,
        hv2_0.mahv,
        hv2_0.cccd,
        hv2_0.diachi,
        hv2_0.email,
        hv2_0.gioitinh,
        hv2_0.hoten,
        hv2_0.ngaydangky,
        hv2_0.ngaysinh,
        hv2_0.sodienthoai,
        tt1_0.ngaythanhtoan,
        tt1_0.payment_url,
        tt1_0.phuongthuc,
        tt1_0.qr_data,
        tt1_0.sotien,
        tt1_0.trangthai,
        tt1_0.transaction_ref 
    from
        thanh_toan tt1_0 
    join
        dang_ky_khoa_hoc dkkh1_0 
            on dkkh1_0.madk=tt1_0.madk 
    left join
        hang_gplx hg1_0 
            on hg1_0.id=dkkh1_0.hang_gplx_id 
    left join
        hoc_vien hv1_0 
            on hv1_0.mahv=dkkh1_0.mahv 
    left join
        khoa_hoc kh1_0 
            on kh1_0.makh=dkkh1_0.makh 
    left join
        chuong_trinh_hoc cth1_0 
            on cth1_0.macth=kh1_0.macth 
    join
        hoc_vien hv2_0 
            on hv2_0.mahv=tt1_0.mahv 
    where
        tt1_0.matt=?
Hibernate: 
    select
        tt1_0.matt,
        tt1_0.madk,
        dkkh1_0.madk,
        hg1_0.id,
        hg1_0.ma_hang,
        hg1_0.mo_ta,
        hg1_0.ten_hang,
        dkkh1_0.mahv,
        hv1_0.mahv,
        hv1_0.cccd,
        hv1_0.diachi,
        hv1_0.email,
        hv1_0.gioitinh,
        hv1_0.hoten,
        hv1_0.ngaydangky,
        hv1_0.ngaysinh,
        hv1_0.sodienthoai,
        dkkh1_0.makh,
        kh1_0.makh,
        cth1_0.macth,
        cth1_0.hangbang,
        cth1_0.hocphi,
        cth1_0.sobuoilythuyet,
        cth1_0.sobuoithuchanh,
        cth1_0.tenchuongtrinh,
        kh1_0.ngaybatdau,
        kh1_0.ngayketthuc,
        kh1_0.tenkhoahoc,
        kh1_0.trangthai,
        dkkh1_0.ngaydangky,
        dkkh1_0.trangthai,
        tt1_0.mahv,
        hv2_0.mahv,
        hv2_0.cccd,
        hv2_0.diachi,
        hv2_0.email,
        hv2_0.gioitinh,
        hv2_0.hoten,
        hv2_0.ngaydangky,
        hv2_0.ngaysinh,
        hv2_0.sodienthoai,
        tt1_0.ngaythanhtoan,
        tt1_0.payment_url,
        tt1_0.phuongthuc,
        tt1_0.qr_data,
        tt1_0.sotien,
        tt1_0.trangthai,
        tt1_0.transaction_ref 
    from
        thanh_toan tt1_0 
    join
        dang_ky_khoa_hoc dkkh1_0 
            on dkkh1_0.madk=tt1_0.madk 
    left join
        hang_gplx hg1_0 
            on hg1_0.id=dkkh1_0.hang_gplx_id 
    left join
        hoc_vien hv1_0 
            on hv1_0.mahv=dkkh1_0.mahv 
    left join
        khoa_hoc kh1_0 
            on kh1_0.makh=dkkh1_0.makh 
    left join
        chuong_trinh_hoc cth1_0 
            on cth1_0.macth=kh1_0.macth 
    join
        hoc_vien hv2_0 
            on hv2_0.mahv=tt1_0.mahv 
    where
        tt1_0.matt=?
2026-08-08 13:27:10 [http-nio-8081-exec-3] TRACE org.hibernate.orm.jdbc.bind - binding parameter (1:INTEGER) <- [2]
2026-08-08 13:27:10 [http-nio-8081-exec-3] DEBUG org.hibernate.SQL - 
    select
        tk1_0.id,
        tk1_0.anh,
        tk1_0.cccd,
        tk1_0.email,
        tk1_0.google_id,
        tk1_0.ho_ten,
        tk1_0.khoa_den,
        tk1_0.lan_dang_nhap_cuoi,
        tk1_0.mat_khau,
        tk1_0.ngay_cap_nhat,
        tk1_0.ngay_tao,
        tk1_0.nguoi_tao_id,
        tk1_0.so_dien_thoai,
        tk1_0.so_lan_dang_nhap_sai,
        tk1_0.ten_dang_nhap,
        tk1_0.trang_thai,
        tk1_0.vai_tro_id,
        v1_0.id,
        v1_0.ma_vai_tro,
        v1_0.mo_ta,
        v1_0.ngay_cap_nhat,
        v1_0.ngay_tao,
        v1_0.ten_vai_tro,
        v1_0.trang_thai 
    from
        tai_khoan tk1_0 
    left join
        vai_tro v1_0 
            on v1_0.id=tk1_0.vai_tro_id 
    where
        tk1_0.ten_dang_nhap=?
Hibernate: 
    select
        tk1_0.id,
        tk1_0.anh,
        tk1_0.cccd,
        tk1_0.email,
        tk1_0.google_id,
        tk1_0.ho_ten,
        tk1_0.khoa_den,
        tk1_0.lan_dang_nhap_cuoi,
        tk1_0.mat_khau,
        tk1_0.ngay_cap_nhat,
        tk1_0.ngay_tao,
        tk1_0.nguoi_tao_id,
        tk1_0.so_dien_thoai,
        tk1_0.so_lan_dang_nhap_sai,
        tk1_0.ten_dang_nhap,
        tk1_0.trang_thai,
        tk1_0.vai_tro_id,
        v1_0.id,
        v1_0.ma_vai_tro,
        v1_0.mo_ta,
        v1_0.ngay_cap_nhat,
        v1_0.ngay_tao,
        v1_0.ten_vai_tro,
        v1_0.trang_thai 
    from
        tai_khoan tk1_0 
    left join
        vai_tro v1_0 
            on v1_0.id=tk1_0.vai_tro_id 
    where
        tk1_0.ten_dang_nhap=?
2026-08-08 13:27:10 [http-nio-8081-exec-3] TRACE org.hibernate.orm.jdbc.bind - binding parameter (1:VARCHAR) <- [hocvien1]
2026-08-08 13:27:10 [http-nio-8081-exec-3] DEBUG org.hibernate.SQL - 
    select
        hv1_0.mahv,
        hv1_0.cccd,
        hv1_0.diachi,
        hv1_0.email,
        hv1_0.gioitinh,
        hv1_0.hoten,
        hv1_0.ngaydangky,
        hv1_0.ngaysinh,
        hv1_0.sodienthoai 
    from
        hoc_vien hv1_0 
    where
        hv1_0.cccd=?
Hibernate: 
    select
        hv1_0.mahv,
        hv1_0.cccd,
        hv1_0.diachi,
        hv1_0.email,
        hv1_0.gioitinh,
        hv1_0.hoten,
        hv1_0.ngaydangky,
        hv1_0.ngaysinh,
        hv1_0.sodienthoai 
    from
        hoc_vien hv1_0 
    where
        hv1_0.cccd=?
2026-08-08 13:27:10 [http-nio-8081-exec-3] TRACE org.hibernate.orm.jdbc.bind - binding parameter (1:VARCHAR) <- [123456789001]
2026-08-08 13:27:10 [http-nio-8081-exec-10] DEBUG org.hibernate.SQL - 
    select
        tt1_0.matt,
        tt1_0.madk,
        dkkh1_0.madk,
        hg1_0.id,
        hg1_0.ma_hang,
        hg1_0.mo_ta,
        hg1_0.ten_hang,
        dkkh1_0.mahv,
        hv1_0.mahv,
        hv1_0.cccd,
        hv1_0.diachi,
        hv1_0.email,
        hv1_0.gioitinh,
        hv1_0.hoten,
        hv1_0.ngaydangky,
        hv1_0.ngaysinh,
        hv1_0.sodienthoai,
        dkkh1_0.makh,
        kh1_0.makh,
        cth1_0.macth,
        cth1_0.hangbang,
        cth1_0.hocphi,
        cth1_0.sobuoilythuyet,
        cth1_0.sobuoithuchanh,
        cth1_0.tenchuongtrinh,
        kh1_0.ngaybatdau,
        kh1_0.ngayketthuc,
        kh1_0.tenkhoahoc,
        kh1_0.trangthai,
        dkkh1_0.ngaydangky,
        dkkh1_0.trangthai,
        tt1_0.mahv,
        hv2_0.mahv,
        hv2_0.cccd,
        hv2_0.diachi,
        hv2_0.email,
        hv2_0.gioitinh,
        hv2_0.hoten,
        hv2_0.ngaydangky,
        hv2_0.ngaysinh,
        hv2_0.sodienthoai,
        tt1_0.ngaythanhtoan,
        tt1_0.payment_url,
        tt1_0.phuongthuc,
        tt1_0.qr_data,
        tt1_0.sotien,
        tt1_0.trangthai,
        tt1_0.transaction_ref 
    from
        thanh_toan tt1_0 
    join
        dang_ky_khoa_hoc dkkh1_0 
            on dkkh1_0.madk=tt1_0.madk 
    left join
        hang_gplx hg1_0 
            on hg1_0.id=dkkh1_0.hang_gplx_id 
    left join
        hoc_vien hv1_0 
            on hv1_0.mahv=dkkh1_0.mahv 
    left join
        khoa_hoc kh1_0 
            on kh1_0.makh=dkkh1_0.makh 
    left join
        chuong_trinh_hoc cth1_0 
            on cth1_0.macth=kh1_0.macth 
    join
        hoc_vien hv2_0 
            on hv2_0.mahv=tt1_0.mahv 
    where
        tt1_0.matt=?
Hibernate: 
    select
        tt1_0.matt,
        tt1_0.madk,
        dkkh1_0.madk,
        hg1_0.id,
        hg1_0.ma_hang,
        hg1_0.mo_ta,
        hg1_0.ten_hang,
        dkkh1_0.mahv,
        hv1_0.mahv,
        hv1_0.cccd,
        hv1_0.diachi,
        hv1_0.email,
        hv1_0.gioitinh,
        hv1_0.hoten,
        hv1_0.ngaydangky,
        hv1_0.ngaysinh,
        hv1_0.sodienthoai,
        dkkh1_0.makh,
        kh1_0.makh,
        cth1_0.macth,
        cth1_0.hangbang,
        cth1_0.hocphi,
        cth1_0.sobuoilythuyet,
        cth1_0.sobuoithuchanh,
        cth1_0.tenchuongtrinh,
        kh1_0.ngaybatdau,
        kh1_0.ngayketthuc,
        kh1_0.tenkhoahoc,
        kh1_0.trangthai,
        dkkh1_0.ngaydangky,
        dkkh1_0.trangthai,
        tt1_0.mahv,
        hv2_0.mahv,
        hv2_0.cccd,
        hv2_0.diachi,
        hv2_0.email,
        hv2_0.gioitinh,
        hv2_0.hoten,
        hv2_0.ngaydangky,
        hv2_0.ngaysinh,
        hv2_0.sodienthoai,
        tt1_0.ngaythanhtoan,
        tt1_0.payment_url,
        tt1_0.phuongthuc,
        tt1_0.qr_data,
        tt1_0.sotien,
        tt1_0.trangthai,
        tt1_0.transaction_ref 
    from
        thanh_toan tt1_0 
    join
        dang_ky_khoa_hoc dkkh1_0 
            on dkkh1_0.madk=tt1_0.madk 
    left join
        hang_gplx hg1_0 
            on hg1_0.id=dkkh1_0.hang_gplx_id 
    left join
        hoc_vien hv1_0 
            on hv1_0.mahv=dkkh1_0.mahv 
    left join
        khoa_hoc kh1_0 
            on kh1_0.makh=dkkh1_0.makh 
    left join
        chuong_trinh_hoc cth1_0 
            on cth1_0.macth=kh1_0.macth 
    join
        hoc_vien hv2_0 
            on hv2_0.mahv=tt1_0.mahv 
    where
        tt1_0.matt=?
2026-08-08 13:27:10 [http-nio-8081-exec-10] TRACE org.hibernate.orm.jdbc.bind - binding parameter (1:INTEGER) <- [1]
2026-08-08 13:27:10 [http-nio-8081-exec-10] DEBUG org.hibernate.SQL - 
    select
        tk1_0.id,
        tk1_0.anh,
        tk1_0.cccd,
        tk1_0.email,
        tk1_0.google_id,
        tk1_0.ho_ten,
        tk1_0.khoa_den,
        tk1_0.lan_dang_nhap_cuoi,
        tk1_0.mat_khau,
        tk1_0.ngay_cap_nhat,
        tk1_0.ngay_tao,
        tk1_0.nguoi_tao_id,
        tk1_0.so_dien_thoai,
        tk1_0.so_lan_dang_nhap_sai,
        tk1_0.ten_dang_nhap,
        tk1_0.trang_thai,
        tk1_0.vai_tro_id,
        v1_0.id,
        v1_0.ma_vai_tro,
        v1_0.mo_ta,
        v1_0.ngay_cap_nhat,
        v1_0.ngay_tao,
        v1_0.ten_vai_tro,
        v1_0.trang_thai 
    from
        tai_khoan tk1_0 
    left join
        vai_tro v1_0 
            on v1_0.id=tk1_0.vai_tro_id 
    where
        tk1_0.ten_dang_nhap=?
Hibernate: 
    select
        tk1_0.id,
        tk1_0.anh,
        tk1_0.cccd,
        tk1_0.email,
        tk1_0.google_id,
        tk1_0.ho_ten,
        tk1_0.khoa_den,
        tk1_0.lan_dang_nhap_cuoi,
        tk1_0.mat_khau,
        tk1_0.ngay_cap_nhat,
        tk1_0.ngay_tao,
        tk1_0.nguoi_tao_id,
        tk1_0.so_dien_thoai,
        tk1_0.so_lan_dang_nhap_sai,
        tk1_0.ten_dang_nhap,
        tk1_0.trang_thai,
        tk1_0.vai_tro_id,
        v1_0.id,
        v1_0.ma_vai_tro,
        v1_0.mo_ta,
        v1_0.ngay_cap_nhat,
        v1_0.ngay_tao,
        v1_0.ten_vai_tro,
        v1_0.trang_thai 
    from
        tai_khoan tk1_0 
    left join
        vai_tro v1_0 
            on v1_0.id=tk1_0.vai_tro_id 
    where
        tk1_0.ten_dang_nhap=?
2026-08-08 13:27:10 [http-nio-8081-exec-10] TRACE org.hibernate.orm.jdbc.bind - binding parameter (1:VARCHAR) <- [hocvien1]
2026-08-08 13:27:10 [http-nio-8081-exec-10] DEBUG org.hibernate.SQL - 
    select
        hv1_0.mahv,
        hv1_0.cccd,
        hv1_0.diachi,
        hv1_0.email,
        hv1_0.gioitinh,
        hv1_0.hoten,
        hv1_0.ngaydangky,
        hv1_0.ngaysinh,
        hv1_0.sodienthoai 
    from
        hoc_vien hv1_0 
    where
        hv1_0.cccd=?
Hibernate: 
    select
        hv1_0.mahv,
        hv1_0.cccd,
        hv1_0.diachi,
        hv1_0.email,
        hv1_0.gioitinh,
        hv1_0.hoten,
        hv1_0.ngaydangky,
        hv1_0.ngaysinh,
        hv1_0.sodienthoai 
    from
        hoc_vien hv1_0 
    where
        hv1_0.cccd=?
2026-08-08 13:27:10 [http-nio-8081-exec-10] TRACE org.hibernate.orm.jdbc.bind - binding parameter (1:VARCHAR) <- [123456789001]
2026-08-08 13:27:18 [http-nio-8081-exec-6] DEBUG org.hibernate.SQL - 
    select
        tk1_0.id,
        tk1_0.anh,
        tk1_0.cccd,
        tk1_0.email,
        tk1_0.google_id,
        tk1_0.ho_ten,
        tk1_0.khoa_den,
        tk1_0.lan_dang_nhap_cuoi,
        tk1_0.mat_khau,
        tk1_0.ngay_cap_nhat,
        tk1_0.ngay_tao,
        tk1_0.nguoi_tao_id,
        tk1_0.so_dien_thoai,
        tk1_0.so_lan_dang_nhap_sai,
        tk1_0.ten_dang_nhap,
        tk1_0.trang_thai,
        tk1_0.vai_tro_id,
        v1_0.id,
        v1_0.ma_vai_tro,
        v1_0.mo_ta,
        v1_0.ngay_cap_nhat,
        v1_0.ngay_tao,
        v1_0.ten_vai_tro,
        v1_0.trang_thai 
    from
        tai_khoan tk1_0 
    left join
        vai_tro v1_0 
            on v1_0.id=tk1_0.vai_tro_id 
    where
        tk1_0.ten_dang_nhap=?
Hibernate: 
    select
        tk1_0.id,
        tk1_0.anh,
        tk1_0.cccd,
        tk1_0.email,
        tk1_0.google_id,
        tk1_0.ho_ten,
        tk1_0.khoa_den,
        tk1_0.lan_dang_nhap_cuoi,
        tk1_0.mat_khau,
        tk1_0.ngay_cap_nhat,
        tk1_0.ngay_tao,
        tk1_0.nguoi_tao_id,
        tk1_0.so_dien_thoai,
        tk1_0.so_lan_dang_nhap_sai,
        tk1_0.ten_dang_nhap,
        tk1_0.trang_thai,
        tk1_0.vai_tro_id,
        v1_0.id,
        v1_0.ma_vai_tro,
        v1_0.mo_ta,
        v1_0.ngay_cap_nhat,
        v1_0.ngay_tao,
        v1_0.ten_vai_tro,
        v1_0.trang_thai 
    from
        tai_khoan tk1_0 
    left join
        vai_tro v1_0 
            on v1_0.id=tk1_0.vai_tro_id 
    where
        tk1_0.ten_dang_nhap=?
2026-08-08 13:27:18 [http-nio-8081-exec-6] TRACE org.hibernate.orm.jdbc.bind - binding parameter (1:VARCHAR) <- [hocvien1]
2026-08-08 13:27:18 [http-nio-8081-exec-6] DEBUG org.hibernate.SQL - 
    select
        tk1_0.id,
        tk1_0.anh,
        tk1_0.cccd,
        tk1_0.email,
        tk1_0.google_id,
        tk1_0.ho_ten,
        tk1_0.khoa_den,
        tk1_0.lan_dang_nhap_cuoi,
        tk1_0.mat_khau,
        tk1_0.ngay_cap_nhat,
        tk1_0.ngay_tao,
        tk1_0.nguoi_tao_id,
        tk1_0.so_dien_thoai,
        tk1_0.so_lan_dang_nhap_sai,
        tk1_0.ten_dang_nhap,
        tk1_0.trang_thai,
        tk1_0.vai_tro_id,
        v1_0.id,
        v1_0.ma_vai_tro,
        v1_0.mo_ta,
        v1_0.ngay_cap_nhat,
        v1_0.ngay_tao,
        v1_0.ten_vai_tro,
        v1_0.trang_thai 
    from
        tai_khoan tk1_0 
    left join
        vai_tro v1_0 
            on v1_0.id=tk1_0.vai_tro_id 
    where
        tk1_0.ten_dang_nhap=?
Hibernate: 
    select
        tk1_0.id,
        tk1_0.anh,
        tk1_0.cccd,
        tk1_0.email,
        tk1_0.google_id,
        tk1_0.ho_ten,
        tk1_0.khoa_den,
        tk1_0.lan_dang_nhap_cuoi,
        tk1_0.mat_khau,
        tk1_0.ngay_cap_nhat,
        tk1_0.ngay_tao,
        tk1_0.nguoi_tao_id,
        tk1_0.so_dien_thoai,
        tk1_0.so_lan_dang_nhap_sai,
        tk1_0.ten_dang_nhap,
        tk1_0.trang_thai,
        tk1_0.vai_tro_id,
        v1_0.id,
        v1_0.ma_vai_tro,
        v1_0.mo_ta,
        v1_0.ngay_cap_nhat,
        v1_0.ngay_tao,
        v1_0.ten_vai_tro,
        v1_0.trang_thai 
    from
        tai_khoan tk1_0 
    left join
        vai_tro v1_0 
            on v1_0.id=tk1_0.vai_tro_id 
    where
        tk1_0.ten_dang_nhap=?
2026-08-08 13:27:18 [http-nio-8081-exec-6] TRACE org.hibernate.orm.jdbc.bind - binding parameter (1:VARCHAR) <- [hocvien1]
2026-08-08 13:27:18 [http-nio-8081-exec-1] DEBUG org.hibernate.SQL - 
    select
        tt1_0.matt,
        tt1_0.madk,
        dkkh1_0.madk,
        hg1_0.id,
        hg1_0.ma_hang,
        hg1_0.mo_ta,
        hg1_0.ten_hang,
        dkkh1_0.mahv,
        hv1_0.mahv,
        hv1_0.cccd,
        hv1_0.diachi,
        hv1_0.email,
        hv1_0.gioitinh,
        hv1_0.hoten,
        hv1_0.ngaydangky,
        hv1_0.ngaysinh,
        hv1_0.sodienthoai,
        dkkh1_0.makh,
        kh1_0.makh,
        cth1_0.macth,
        cth1_0.hangbang,
        cth1_0.hocphi,
        cth1_0.sobuoilythuyet,
        cth1_0.sobuoithuchanh,
        cth1_0.tenchuongtrinh,
        kh1_0.ngaybatdau,
        kh1_0.ngayketthuc,
        kh1_0.tenkhoahoc,
        kh1_0.trangthai,
        dkkh1_0.ngaydangky,
        dkkh1_0.trangthai,
        tt1_0.mahv,
        hv2_0.mahv,
        hv2_0.cccd,
        hv2_0.diachi,
        hv2_0.email,
        hv2_0.gioitinh,
        hv2_0.hoten,
        hv2_0.ngaydangky,
        hv2_0.ngaysinh,
        hv2_0.sodienthoai,
        tt1_0.ngaythanhtoan,
        tt1_0.payment_url,
        tt1_0.phuongthuc,
        tt1_0.qr_data,
        tt1_0.sotien,
        tt1_0.trangthai,
        tt1_0.transaction_ref 
    from
        thanh_toan tt1_0 
    join
        dang_ky_khoa_hoc dkkh1_0 
            on dkkh1_0.madk=tt1_0.madk 
    left join
        hang_gplx hg1_0 
            on hg1_0.id=dkkh1_0.hang_gplx_id 
    left join
        hoc_vien hv1_0 
            on hv1_0.mahv=dkkh1_0.mahv 
    left join
        khoa_hoc kh1_0 
            on kh1_0.makh=dkkh1_0.makh 
    left join
        chuong_trinh_hoc cth1_0 
            on cth1_0.macth=kh1_0.macth 
    join
        hoc_vien hv2_0 
            on hv2_0.mahv=tt1_0.mahv 
    where
        tt1_0.matt=?
Hibernate: 
    select
        tt1_0.matt,
        tt1_0.madk,
        dkkh1_0.madk,
        hg1_0.id,
        hg1_0.ma_hang,
        hg1_0.mo_ta,
        hg1_0.ten_hang,
        dkkh1_0.mahv,
        hv1_0.mahv,
        hv1_0.cccd,
        hv1_0.diachi,
        hv1_0.email,
        hv1_0.gioitinh,
        hv1_0.hoten,
        hv1_0.ngaydangky,
        hv1_0.ngaysinh,
        hv1_0.sodienthoai,
        dkkh1_0.makh,
        kh1_0.makh,
        cth1_0.macth,
        cth1_0.hangbang,
        cth1_0.hocphi,
        cth1_0.sobuoilythuyet,
        cth1_0.sobuoithuchanh,
        cth1_0.tenchuongtrinh,
        kh1_0.ngaybatdau,
        kh1_0.ngayketthuc,
        kh1_0.tenkhoahoc,
        kh1_0.trangthai,
        dkkh1_0.ngaydangky,
        dkkh1_0.trangthai,
        tt1_0.mahv,
        hv2_0.mahv,
        hv2_0.cccd,
        hv2_0.diachi,
        hv2_0.email,
        hv2_0.gioitinh,
        hv2_0.hoten,
        hv2_0.ngaydangky,
        hv2_0.ngaysinh,
        hv2_0.sodienthoai,
        tt1_0.ngaythanhtoan,
        tt1_0.payment_url,
        tt1_0.phuongthuc,
        tt1_0.qr_data,
        tt1_0.sotien,
        tt1_0.trangthai,
        tt1_0.transaction_ref 
    from
        thanh_toan tt1_0 
    join
        dang_ky_khoa_hoc dkkh1_0 
            on dkkh1_0.madk=tt1_0.madk 
    left join
        hang_gplx hg1_0 
            on hg1_0.id=dkkh1_0.hang_gplx_id 
    left join
        hoc_vien hv1_0 
            on hv1_0.mahv=dkkh1_0.mahv 
    left join
        khoa_hoc kh1_0 
            on kh1_0.makh=dkkh1_0.makh 
    left join
        chuong_trinh_hoc cth1_0 
            on cth1_0.macth=kh1_0.macth 
    join
        hoc_vien hv2_0 
            on hv2_0.mahv=tt1_0.mahv 
    where
        tt1_0.matt=?
2026-08-08 13:27:18 [http-nio-8081-exec-1] TRACE org.hibernate.orm.jdbc.bind - binding parameter (1:INTEGER) <- [2]
2026-08-08 13:27:18 [http-nio-8081-exec-1] DEBUG org.hibernate.SQL - 
    select
        tk1_0.id,
        tk1_0.anh,
        tk1_0.cccd,
        tk1_0.email,
        tk1_0.google_id,
        tk1_0.ho_ten,
        tk1_0.khoa_den,
        tk1_0.lan_dang_nhap_cuoi,
        tk1_0.mat_khau,
        tk1_0.ngay_cap_nhat,
        tk1_0.ngay_tao,
        tk1_0.nguoi_tao_id,
        tk1_0.so_dien_thoai,
        tk1_0.so_lan_dang_nhap_sai,
        tk1_0.ten_dang_nhap,
        tk1_0.trang_thai,
        tk1_0.vai_tro_id,
        v1_0.id,
        v1_0.ma_vai_tro,
        v1_0.mo_ta,
        v1_0.ngay_cap_nhat,
        v1_0.ngay_tao,
        v1_0.ten_vai_tro,
        v1_0.trang_thai 
    from
        tai_khoan tk1_0 
    left join
        vai_tro v1_0 
            on v1_0.id=tk1_0.vai_tro_id 
    where
        tk1_0.ten_dang_nhap=?
Hibernate: 
    select
        tk1_0.id,
        tk1_0.anh,
        tk1_0.cccd,
        tk1_0.email,
        tk1_0.google_id,
        tk1_0.ho_ten,
        tk1_0.khoa_den,
        tk1_0.lan_dang_nhap_cuoi,
        tk1_0.mat_khau,
        tk1_0.ngay_cap_nhat,
        tk1_0.ngay_tao,
        tk1_0.nguoi_tao_id,
        tk1_0.so_dien_thoai,
        tk1_0.so_lan_dang_nhap_sai,
        tk1_0.ten_dang_nhap,
        tk1_0.trang_thai,
        tk1_0.vai_tro_id,
        v1_0.id,
        v1_0.ma_vai_tro,
        v1_0.mo_ta,
        v1_0.ngay_cap_nhat,
        v1_0.ngay_tao,
        v1_0.ten_vai_tro,
        v1_0.trang_thai 
    from
        tai_khoan tk1_0 
    left join
        vai_tro v1_0 
            on v1_0.id=tk1_0.vai_tro_id 
    where
        tk1_0.ten_dang_nhap=?
2026-08-08 13:27:18 [http-nio-8081-exec-1] TRACE org.hibernate.orm.jdbc.bind - binding parameter (1:VARCHAR) <- [hocvien1]
2026-08-08 13:27:18 [http-nio-8081-exec-1] DEBUG org.hibernate.SQL - 
    select
        hv1_0.mahv,
        hv1_0.cccd,
        hv1_0.diachi,
        hv1_0.email,
        hv1_0.gioitinh,
        hv1_0.hoten,
        hv1_0.ngaydangky,
        hv1_0.ngaysinh,
        hv1_0.sodienthoai 
    from
        hoc_vien hv1_0 
    where
        hv1_0.cccd=?
Hibernate: 
    select
        hv1_0.mahv,
        hv1_0.cccd,
        hv1_0.diachi,
        hv1_0.email,
        hv1_0.gioitinh,
        hv1_0.hoten,
        hv1_0.ngaydangky,
        hv1_0.ngaysinh,
        hv1_0.sodienthoai 
    from
        hoc_vien hv1_0 
    where
        hv1_0.cccd=?
2026-08-08 13:27:18 [http-nio-8081-exec-1] TRACE org.hibernate.orm.jdbc.bind - binding parameter (1:VARCHAR) <- [123456789001]
2026-08-08 13:27:18 [http-nio-8081-exec-4] DEBUG org.hibernate.SQL - 
    select
        tt1_0.matt,
        tt1_0.madk,
        dkkh1_0.madk,
        hg1_0.id,
        hg1_0.ma_hang,
        hg1_0.mo_ta,
        hg1_0.ten_hang,
        dkkh1_0.mahv,
        hv1_0.mahv,
        hv1_0.cccd,
        hv1_0.diachi,
        hv1_0.email,
        hv1_0.gioitinh,
        hv1_0.hoten,
        hv1_0.ngaydangky,
        hv1_0.ngaysinh,
        hv1_0.sodienthoai,
        dkkh1_0.makh,
        kh1_0.makh,
        cth1_0.macth,
        cth1_0.hangbang,
        cth1_0.hocphi,
        cth1_0.sobuoilythuyet,
        cth1_0.sobuoithuchanh,
        cth1_0.tenchuongtrinh,
        kh1_0.ngaybatdau,
        kh1_0.ngayketthuc,
        kh1_0.tenkhoahoc,
        kh1_0.trangthai,
        dkkh1_0.ngaydangky,
        dkkh1_0.trangthai,
        tt1_0.mahv,
        hv2_0.mahv,
        hv2_0.cccd,
        hv2_0.diachi,
        hv2_0.email,
        hv2_0.gioitinh,
        hv2_0.hoten,
        hv2_0.ngaydangky,
        hv2_0.ngaysinh,
        hv2_0.sodienthoai,
        tt1_0.ngaythanhtoan,
        tt1_0.payment_url,
        tt1_0.phuongthuc,
        tt1_0.qr_data,
        tt1_0.sotien,
        tt1_0.trangthai,
        tt1_0.transaction_ref 
    from
        thanh_toan tt1_0 
    join
        dang_ky_khoa_hoc dkkh1_0 
            on dkkh1_0.madk=tt1_0.madk 
    left join
        hang_gplx hg1_0 
            on hg1_0.id=dkkh1_0.hang_gplx_id 
    left join
        hoc_vien hv1_0 
            on hv1_0.mahv=dkkh1_0.mahv 
    left join
        khoa_hoc kh1_0 
            on kh1_0.makh=dkkh1_0.makh 
    left join
        chuong_trinh_hoc cth1_0 
            on cth1_0.macth=kh1_0.macth 
    join
        hoc_vien hv2_0 
            on hv2_0.mahv=tt1_0.mahv 
    where
        tt1_0.matt=?
Hibernate: 
    select
        tt1_0.matt,
        tt1_0.madk,
        dkkh1_0.madk,
        hg1_0.id,
        hg1_0.ma_hang,
        hg1_0.mo_ta,
        hg1_0.ten_hang,
        dkkh1_0.mahv,
        hv1_0.mahv,
        hv1_0.cccd,
        hv1_0.diachi,
        hv1_0.email,
        hv1_0.gioitinh,
        hv1_0.hoten,
        hv1_0.ngaydangky,
        hv1_0.ngaysinh,
        hv1_0.sodienthoai,
        dkkh1_0.makh,
        kh1_0.makh,
        cth1_0.macth,
        cth1_0.hangbang,
        cth1_0.hocphi,
        cth1_0.sobuoilythuyet,
        cth1_0.sobuoithuchanh,
        cth1_0.tenchuongtrinh,
        kh1_0.ngaybatdau,
        kh1_0.ngayketthuc,
        kh1_0.tenkhoahoc,
        kh1_0.trangthai,
        dkkh1_0.ngaydangky,
        dkkh1_0.trangthai,
        tt1_0.mahv,
        hv2_0.mahv,
        hv2_0.cccd,
        hv2_0.diachi,
        hv2_0.email,
        hv2_0.gioitinh,
        hv2_0.hoten,
        hv2_0.ngaydangky,
        hv2_0.ngaysinh,
        hv2_0.sodienthoai,
        tt1_0.ngaythanhtoan,
        tt1_0.payment_url,
        tt1_0.phuongthuc,
        tt1_0.qr_data,
        tt1_0.sotien,
        tt1_0.trangthai,
        tt1_0.transaction_ref 
    from
        thanh_toan tt1_0 
    join
        dang_ky_khoa_hoc dkkh1_0 
            on dkkh1_0.madk=tt1_0.madk 
    left join
        hang_gplx hg1_0 
            on hg1_0.id=dkkh1_0.hang_gplx_id 
    left join
        hoc_vien hv1_0 
            on hv1_0.mahv=dkkh1_0.mahv 
    left join
        khoa_hoc kh1_0 
            on kh1_0.makh=dkkh1_0.makh 
    left join
        chuong_trinh_hoc cth1_0 
            on cth1_0.macth=kh1_0.macth 
    join
        hoc_vien hv2_0 
            on hv2_0.mahv=tt1_0.mahv 
    where
        tt1_0.matt=?
2026-08-08 13:27:18 [http-nio-8081-exec-4] TRACE org.hibernate.orm.jdbc.bind - binding parameter (1:INTEGER) <- [2]
2026-08-08 13:27:18 [http-nio-8081-exec-4] DEBUG org.hibernate.SQL - 
    select
        tk1_0.id,
        tk1_0.anh,
        tk1_0.cccd,
        tk1_0.email,
        tk1_0.google_id,
        tk1_0.ho_ten,
        tk1_0.khoa_den,
        tk1_0.lan_dang_nhap_cuoi,
        tk1_0.mat_khau,
        tk1_0.ngay_cap_nhat,
        tk1_0.ngay_tao,
        tk1_0.nguoi_tao_id,
        tk1_0.so_dien_thoai,
        tk1_0.so_lan_dang_nhap_sai,
        tk1_0.ten_dang_nhap,
        tk1_0.trang_thai,
        tk1_0.vai_tro_id,
        v1_0.id,
        v1_0.ma_vai_tro,
        v1_0.mo_ta,
        v1_0.ngay_cap_nhat,
        v1_0.ngay_tao,
        v1_0.ten_vai_tro,
        v1_0.trang_thai 
    from
        tai_khoan tk1_0 
    left join
        vai_tro v1_0 
            on v1_0.id=tk1_0.vai_tro_id 
    where
        tk1_0.ten_dang_nhap=?
Hibernate: 
    select
        tk1_0.id,
        tk1_0.anh,
        tk1_0.cccd,
        tk1_0.email,
        tk1_0.google_id,
        tk1_0.ho_ten,
        tk1_0.khoa_den,
        tk1_0.lan_dang_nhap_cuoi,
        tk1_0.mat_khau,
        tk1_0.ngay_cap_nhat,
        tk1_0.ngay_tao,
        tk1_0.nguoi_tao_id,
        tk1_0.so_dien_thoai,
        tk1_0.so_lan_dang_nhap_sai,
        tk1_0.ten_dang_nhap,
        tk1_0.trang_thai,
        tk1_0.vai_tro_id,
        v1_0.id,
        v1_0.ma_vai_tro,
        v1_0.mo_ta,
        v1_0.ngay_cap_nhat,
        v1_0.ngay_tao,
        v1_0.ten_vai_tro,
        v1_0.trang_thai 
    from
        tai_khoan tk1_0 
    left join
        vai_tro v1_0 
            on v1_0.id=tk1_0.vai_tro_id 
    where
        tk1_0.ten_dang_nhap=?
2026-08-08 13:27:18 [http-nio-8081-exec-4] TRACE org.hibernate.orm.jdbc.bind - binding parameter (1:VARCHAR) <- [hocvien1]
2026-08-08 13:27:18 [http-nio-8081-exec-4] DEBUG org.hibernate.SQL - 
    select
        hv1_0.mahv,
        hv1_0.cccd,
        hv1_0.diachi,
        hv1_0.email,
        hv1_0.gioitinh,
        hv1_0.hoten,
        hv1_0.ngaydangky,
        hv1_0.ngaysinh,
        hv1_0.sodienthoai 
    from
        hoc_vien hv1_0 
    where
        hv1_0.cccd=?
Hibernate: 
    select
        hv1_0.mahv,
        hv1_0.cccd,
        hv1_0.diachi,
        hv1_0.email,
        hv1_0.gioitinh,
        hv1_0.hoten,
        hv1_0.ngaydangky,
        hv1_0.ngaysinh,
        hv1_0.sodienthoai 
    from
        hoc_vien hv1_0 
    where
        hv1_0.cccd=?
2026-08-08 13:27:18 [http-nio-8081-exec-4] TRACE org.hibernate.orm.jdbc.bind - binding parameter (1:VARCHAR) <- [123456789001]
